40300000-4030ffff : 40300000.ocmcram
44d00000-44d03fff : umem
44d80000-44d81fff : dmem
44e07000-44e07fff : /ocp/gpio@44e07000
44e09000-44e0901f : serial
44e0b000-44e0bfff : /ocp/i2c@44e0b000
44e0d000-44e0dfff : /ocp/tscadc@44e0d000
44e10620-44e1062f : phy_ctrl
44e10648-44e1064b : wakeup
44e10650-44e10653 : gmii-sel
44e10800-44e10a37 : pinctrl-single
44e10f90-44e10fcf : /ocp/l4_wkup@44c00000/scm@210000/dma-router@f90
44e11324-44e11347 : /ocp/l4_wkup@44c00000/scm@210000/wkup_m3_ipc@1324
44e35000-44e35fff : /ocp/wdt@44e35000
44e3e000-44e3efff : /ocp/rtc@44e3e000
47401000-474011ff : control
47401400-474017ff : mc
  47401400-474017ff : mc
47401800-474019ff : control
47401c00-47401fff : mc
  47401c00-47401fff : mc
47402000-47402fff : controller
47403000-47403fff : scheduler
47404000-47407fff : queuemgr
48022000-4802201f : serial
48024000-4802401f : serial
4802a000-4802afff : /ocp/i2c@4802a000
48030000-480303ff : /ocp/spi@48030000
48038000-48039fff : mpu
48042000-480423ff : /ocp/timer@48042000
48044000-480443ff : /ocp/timer@48044000
48046000-480463ff : /ocp/timer@48046000
48048000-480483ff : /ocp/timer@48048000
4804a000-4804a3ff : /ocp/timer@4804a000
4804c000-4804cfff : /ocp/gpio@4804c000
48060000-48060fff : /ocp/mmc@48060000
480c8000-480c81ff : /ocp/mailbox@480C8000
4819c000-4819cfff : /ocp/i2c@4819c000
481a0000-481a03ff : /ocp/spi@481a0000
481a6000-481a601f : serial
481a8000-481a801f : serial
481aa000-481aa01f : serial
481ac000-481acfff : /ocp/gpio@481ac000
481ae000-481aefff : /ocp/gpio@481ae000
481cc000-481cdfff : /ocp/can@481cc000
481d0000-481d1fff : /ocp/can@481d0000
481d8000-481d8fff : /ocp/mmc@481d8000
48300100-4830017f : /ocp/epwmss@48300000/ecap@48300100
48300180-483001ff : /ocp/epwmss@48300000/eqep@0x48300180
48300200-4830027f : /ocp/epwmss@48300000/pwm@48300200
48302100-4830217f : /ocp/epwmss@48302000/ecap@48302100
48302180-483021ff : /ocp/epwmss@48302000/eqep@0x48302180
48302200-4830227f : /ocp/epwmss@48302000/pwm@48302200
48304100-4830417f : /ocp/epwmss@48304000/ecap@48304100
48304180-483041ff : /ocp/epwmss@48304000/eqep@0x48304180
48304200-4830427f : /ocp/epwmss@48304000/pwm@48304200
48310000-48311fff : /ocp/rng@48310000
49000000-4900ffff : edma3_cc
4a100000-4a1007ff : /ocp/ethernet@4a100000
4a101000-4a1010ff : /ocp/ethernet@4a100000/mdio@4a101000
4a101200-4a1012ff : /ocp/ethernet@4a100000
4c000000-4c000fff : /ocp/emif@4c000000
53100000-531001ff : /ocp/sham@53100000
53500000-5350009f : /ocp/aes@53500000
80000000-9fdfffff : System RAM
  80008000-813fffff : Kernel code
  81500000-81673e7f : Kernel data
